// Bun Snapshot v1, https://goo.gl/fbAQLP

exports[`PokemonImage Component snapshot with Pikachu fully blurred 1`] = `"<link rel="preload" as="image" href="https://raw.githubusercontent.com/PokeAPI/sprites/master/sprites/pokemon/25.png"/><div data-slot="card" class="bg-card text-card-foreground rounded-xl border shadow-sm w-full max-w-xs sm:max-w-sm mx-auto aspect-square overflow-hidden"><div data-slot="card-content" class="p-4 h-full flex items-center justify-center"><div class="relative w-full h-full"><img src="https://raw.githubusercontent.com/PokeAPI/sprites/master/sprites/pokemon/25.png" alt="Pokemon to guess" class="w-full h-full object-contain transition-all duration-500 filter" style="filter:blur(20px)"/></div></div></div>"`;

exports[`PokemonImage Component snapshot with Pikachu half blurred 1`] = `"<link rel="preload" as="image" href="https://raw.githubusercontent.com/PokeAPI/sprites/master/sprites/pokemon/25.png"/><div data-slot="card" class="bg-card text-card-foreground rounded-xl border shadow-sm w-full max-w-xs sm:max-w-sm mx-auto aspect-square overflow-hidden"><div data-slot="card-content" class="p-4 h-full flex items-center justify-center"><div class="relative w-full h-full"><img src="https://raw.githubusercontent.com/PokeAPI/sprites/master/sprites/pokemon/25.png" alt="Pokemon to guess" class="w-full h-full object-contain transition-all duration-500 filter" style="filter:blur(12px)"/></div></div></div>"`;

exports[`PokemonImage Component snapshot with Pikachu fully visible 1`] = `"<link rel="preload" as="image" href="https://raw.githubusercontent.com/PokeAPI/sprites/master/sprites/pokemon/25.png"/><div data-slot="card" class="bg-card text-card-foreground rounded-xl border shadow-sm w-full max-w-xs sm:max-w-sm mx-auto aspect-square overflow-hidden"><div data-slot="card-content" class="p-4 h-full flex items-center justify-center"><div class="relative w-full h-full"><img src="https://raw.githubusercontent.com/PokeAPI/sprites/master/sprites/pokemon/25.png" alt="Pokemon to guess" class="w-full h-full object-contain transition-all duration-500 filter" style="filter:blur(0px)"/></div></div></div>"`;

exports[`PokemonImage Component snapshot with Pikachu game over 1`] = `"<link rel="preload" as="image" href="https://raw.githubusercontent.com/PokeAPI/sprites/master/sprites/pokemon/25.png"/><div data-slot="card" class="bg-card text-card-foreground rounded-xl border shadow-sm w-full max-w-xs sm:max-w-sm mx-auto aspect-square overflow-hidden"><div data-slot="card-content" class="p-4 h-full flex items-center justify-center"><div class="relative w-full h-full"><img src="https://raw.githubusercontent.com/PokeAPI/sprites/master/sprites/pokemon/25.png" alt="Pokemon to guess" class="w-full h-full object-contain transition-all duration-500 filter" style="filter:blur(0px)"/></div></div></div>"`;

exports[`PokemonImage Component snapshot with Charizard 1`] = `"<link rel="preload" as="image" href="https://raw.githubusercontent.com/PokeAPI/sprites/master/sprites/pokemon/6.png"/><div data-slot="card" class="bg-card text-card-foreground rounded-xl border shadow-sm w-full max-w-xs sm:max-w-sm mx-auto aspect-square overflow-hidden"><div data-slot="card-content" class="p-4 h-full flex items-center justify-center"><div class="relative w-full h-full"><img src="https://raw.githubusercontent.com/PokeAPI/sprites/master/sprites/pokemon/6.png" alt="Pokemon to guess" class="w-full h-full object-contain transition-all duration-500 filter" style="filter:blur(12px)"/></div></div></div>"`;

exports[`PokemonImage Component snapshot with null pokemon (loading state) 1`] = `"<div data-slot="card" class="bg-card text-card-foreground rounded-xl border shadow-sm w-64 h-64 mx-auto"><div data-slot="card-content" class="p-6 pt-0 flex items-center justify-center h-full"><div class="text-muted-foreground">Loading Pokemon...</div></div></div>"`;
